01 5.088 -36.9 None |  | exp: []
02 5.088 -16.5 28.3 | There you are, shining like new. | exp: []
03 5.088 -18.8 12.8 | Grandma, why do you clean it every day? | exp: []
04 5.088 -20.1 11.7 | because this vase is very, very special. | exp: []
05 5.088 -22.5 10.1 | Special? It's just a vase! | exp: []
06 5.088 -21.6 11.4 | This vase is 50 years old! | exp: ['GRANDMA: This vase is fifty years old!']
07 5.088 -22.7 8.2 |  | exp: ["NADYAH: Fifty?! That's older than… everything!"]
08 5.088 -17.9 11.8 | And it never broke? Not even once? | exp: ['ZOOZOO: And it never broke? Not even once?']
09 5.088 -22.6 9.8 | Not one crack in 50 years. | exp: ['GRANDMA: Not one crack in fifty years.']
10 5.088 -19.6 11.4 |  | exp: ['HOOR: Pretty vase!']
11 5.088 -20.3 10.1 | Who gave it to you, Grandma? | exp: ['NADYAH: Who gave it to you, Grandma?']
12 5.088 -20.0 11.2 | Ah, that's a story for another day. | exp: ["GRANDMA: Ahh… that's a story for another day."]
13 5.088 -21.8 9.9 | Miss you | exp: []
14 8.096 -18.9 10.6 | I'll make you some fresh juice. | exp: ["GRANDMA: I'll make you some fresh juice.", 'NOONOO: Nadyah! Catch!']
16 5.088 -17.4 10.7 | Throw it! Throw it high! | exp: ['NADYAH: Throw it! Throw it high!']
17 5.088 -21.5 10.5 |  | exp: []
18 5.088 -20.8 9.8 | The vase! | exp: ['NOONOO: Nadyah! The vase!']
19 5.088 -22.3 9.3 | It didn't fall, right? | exp: ["NADYAH: It didn't fall… right?"]
20 7.104 -19.8 9.4 | Hm. Shall we keep the ball for the garden, my dears? | exp: ['GRANDMA: Hmm… shall we keep the ball for the garden, my dears?']
21 8.096 -22.1 9.0 | There, safe and sound. | exp: ['GRANDMA: There. Safe and sound.']
22 5.088 -20.2 10.2 | Power for Grandma! | exp: ['HOOR: Flower! For Grandma!']
23 5.088 -19.1 10.0 | So pretty whore grandma will love it | exp: ['ZOOZOO: So pretty, Hoor! Grandma will love it.']
24 5.088 -19.2 12.0 | Flower in the vase! | exp: ['HOOR: Flower… in the vase!']
25 7.104 -20.5 8.8 | I'll help grandma with the juice. Wait for us, Hoer. | exp: ["ZOOZOO: I'll help Grandma with the juice. Wait for us, Hoor!"]
25b 5.088 -28.6 9.3 | The sun is so bright. I'll turn off the lights | exp: []
26 5.088 -20.8 8.2 | Me! I do it! I'm big! | exp: ["HOOR: Me! I do it! I'm big!"]
27 5.088 -22.8 9.5 | In in | exp: ['HOOR: In… in…']
28 5.088 -22.9 8.8 |  | exp: []
29 5.088 -31.3 9.1 |  | exp: []
30 4.096 -31.1 31.6 | Oh | exp: []
31 4.096 -20.0 8.4 | Uh-oh. | exp: ['MISHOO: Uh-oh…']
32 5.088 -20.7 9.8 |  | exp: []
33 5.088 -16.1 8.6 | Oh no! Grandma's vase! | exp: ["HOOR: Oh no… Grandma's vase…"]
34 5.088 -27.6 9.9 | Juice is almost ready! | exp: []
35 5.088 -17.3 7.5 | Zuzu, help! | exp: ['HOOR: Zoozoo… help…']
35b 5.088 -21.7 11.3 | Whore! Don't touch it. You could get hurt. | exp: ["ZOOZOO: Hoor! Don't touch it — you could get hurt!"]
36 5.088 -18.8 10.7 | I need more light to see the pieces. | exp: ['ZOOZOO: I need more light to see the pieces…']
37 5.088 -21.3 44.1 | Better. | exp: ['ZOOZOO: Better!']
38 5.088 -24.6 15.6 | Careful, careful. | exp: ['ZOOZOO: Careful… careful…']
38b 5.088 -26.1 18.4 |  | exp: []
39 5.088 -18.3 7.8 | We must tell grandma | exp: ['ZOOZOO: We must tell Grandma.']
39b 5.088 -17.7 8.1 | Not yet. Please. | exp: ['HOOR: Not yet… please…']
40 5.088 -22.0 8.1 | Okay, but you tell her yourself. Soon. | exp: ['ZOOZOO: Okay… but you tell her yourself. Soon.']
40b 5.088 -26.5 6.7 | Shh | exp: ['HOOR: Shhh!']
40c 5.088 -19.1 6.5 | I saw that. I see everything. | exp: ['MISHOO: I saw that. I see everything.']
41 5.088 -17.1 5.5 | My vase where is my vase? | exp: ['GRANDMA: My vase… where is my vase?']
42 5.088 -41.8 7.5 |  | exp: []
43 5.088 -20.0 8.1 | Did anyone see it? | exp: ['GRANDMA: Did anyone see it?']
44 5.088 -20.1 7.4 | Grandma? | exp: ['HOOR: Grandma… I…']
45 6.08 -18.4 33.5 | It wasn't me! I put the ball away! | exp: ["NADYAH: It wasn't me! I put the ball away!"]
45b 5.088 -28.1 7.7 |  | exp: []
46 6.08 -21.2 8.8 | A mystery! Don't worry, Grandma! | exp: ["NOONOO: A mystery! Don't worry, Grandma…"]
47 5.088 -20.6 54.4 | Detective Nunu is on the case! | exp: ['NOONOO: Detective Noonoo is on the case!']
48 5.088 -20.7 52.8 | Can I be the helper detective please? | exp: ['NADYAH: Can I be the helper detective? Please?']
49 5.088 -20.4 10.5 | Look for clues every little thing | exp: ['NOONOO: Look for clues. Every little thing!']
50 5.088 -18.8 9.4 | Clue number one a petal | exp: ['NOONOO: Clue number one… a petal!']
51 5.088 -19.7 7.2 | Clue number two, cat hair! | exp: ['NADYAH: Clue number two… cat hair!']
52 5.088 -29.8 6.9 |  | exp: []
53 5.088 -20.1 7.1 | Aha! A rose petal on Mishu's tail! | exp: ["NOONOO: Aha! A rose petal… on Mishoo's tail!"]
54 5.088 -20.4 7.5 | And a piece of the vase next to his chair. | exp: ['NADYAH: And a piece of the vase… next to his chair!']
55 5.088 -21.0 7.7 | Case closed. Miss you. Did it. | exp: ['NOONOO: Case closed! Mishoo did it!']
56 5.088 -20.3 8.0 | Me? It wasn't me! I'm innocent! | exp: ["MISHOO: Me?! It wasn't me! I'm innocent!"]
57 4.096 -17.3 7.9 | Bad kitty! | exp: ['NADYAH: Bad kitty!']
58 7.104 -20.2 6.8 | Oh, Miss Show, maybe you should sit on your cushion for a while? | exp: ['GRANDMA: Oh, Mishoo… maybe you should sit on your cushion for a while?']
59 4.096 -20.6 6.4 | Meow | exp: []
60 5.088 -22.6 48.1 | Me too | exp: ['HOOR: Mishoo…']
done
